[00000.00s] [INFO] [RUN_START] instance=typical_2x16_trace pop_size=4 max_gen=4 time_limit_sec=120.0000 K_explore=2 K_ls=2 elite_ls=1 ls_max_iter=1 decoder_schedule=greedy_before_K_explore;solver_from_K_explore local_search=periodic_three_neighborhood_elite_search
[00000.01s] [INFO] [INIT] instance=typical_2x16_trace population=4 feasible=4 init_decoder=greedy total_attempts=4 long_contract_repairs=1 best_cost=4,050,125,507.4162 avg_cost=4,296,924,316.5409
[00000.01s] [INFO] [GA_OP] gen=1 phase=exploration decoder=greedy parent_costs=(4,125,118,143.52, 4,125,118,143.52) pc=0.1519 RA=0.7250 mutation_child1=adaptive_transfer pm_child1=0.5000 changed_child1=8 mutation_child2=none pm_child2=0.5000 changed_child2=0
[00000.01s] [INFO] [CHILD_EVAL] gen=1 phase=exploration decoder=greedy child=child1 feasible=True cost=4,162,838,323.8544 lower_bound=4,162,838,323.8544 decode_time_sec=0.0014 long_contract_repairs=0
[00000.01s] [INFO] [CHILD_EVAL] gen=1 phase=exploration decoder=greedy child=child2 feasible=True cost=4,125,118,143.5205 lower_bound=4,125,118,143.5205 decode_time_sec=0.0013 long_contract_repairs=0
[00000.01s] [INFO] [GEN_SUMMARY] gen=1 phase=exploration decoder=greedy updated_population=False best_cost=4,050,125,507.4162 lower_bound=4,050,125,507.4162 gap_pct=0.0000 avg_cost=4,296,924,316.5409 feasible_count=4
[00000.01s] [INFO] [DECODE_SWITCH] gen=2 from_decoder=greedy to_decoder=solver reason=gen >= K_explore; population enters exploitation stage best_cost=4,050,125,507.4162
[00000.01s] [INFO] [GA_OP] gen=2 phase=exploitation decoder=solver parent_costs=(4,125,118,143.52, 4,452,488,392.84) pc=0.1519 RA=0.6500 mutation_child1=none pm_child1=0.5000 changed_child1=0 mutation_child2=adaptive_transfer pm_child2=0.5000 changed_child2=5
[00000.58s] [INFO] [CHILD_EVAL] gen=2 phase=exploitation decoder=solver child=child1 feasible=True cost=3,928,682,510.3626 lower_bound=3,898,534,133.1994 decode_time_sec=0.5723 long_contract_repairs=0
[00060.95s] [INFO] [CHILD_EVAL] gen=2 phase=exploitation decoder=solver child=child2 feasible=True cost=4,469,946,923.9621 lower_bound=3,410,513,933.0181 decode_time_sec=60.3730 long_contract_repairs=1
[00060.96s] [INFO] [LOCAL_SEARCH_START] gen=2 elite_rank=1 max_iter=1 neighborhoods=N1_single_inversion,N2_single_base_consolidation,N3_cross_period_consolidation start_cost=4,050,125,507.4162
[00060.97s] [INFO] [LOCAL_SEARCH_NEIGHBORHOOD] gen=2 elite_rank=1 ls_iter=1 neighborhood=N1_single_inversion candidate_neighbors=30 feasible_neighbors=21 best_neighbor_cost=3,940,239,410.7244
[00061.00s] [INFO] [LOCAL_SEARCH_NEIGHBORHOOD] gen=2 elite_rank=1 ls_iter=1 neighborhood=N2_single_base_consolidation candidate_neighbors=99 feasible_neighbors=77 best_neighbor_cost=3,972,518,950.7142
[00061.01s] [INFO] [LOCAL_SEARCH_NEIGHBORHOOD] gen=2 elite_rank=1 ls_iter=1 neighborhood=N3_cross_period_consolidation candidate_neighbors=8 feasible_neighbors=8 best_neighbor_cost=4,023,445,982.7816
[00061.01s] [INFO] [LOCAL_SEARCH_ITER] gen=2 elite_rank=1 ls_iter=1 selected_neighborhood=N1_single_inversion accepted=yes old_cost=4,050,125,507.4162 new_cost=3,940,239,410.7244 improvement=109,886,096.6918 improvement_pct=2.7132
[00061.01s] [INFO] [LOCAL_SEARCH_END] gen=2 elite_rank=1 start_cost=4,050,125,507.4162 end_cost=3,940,239,410.7244 total_improvement=109,886,096.6918 total_improvement_pct=2.7132 total_candidate_neighbors=137 total_feasible_neighbors=106 accepted_improvements=1
[00061.01s] [INFO] [ELITE_IMPROVED_BY_LS] gen=2 elite_rank=1 old_cost=4,050,125,507.4162 new_cost=3,940,239,410.7244 improvement=109,886,096.6918 improvement_pct=2.7132
[00061.01s] [INFO] [BEST_UPDATE] gen=2 source=local_search decoder=solver old_best=4,050,125,507.4162 new_best=3,940,239,410.7244 improvement=109,886,096.6918 improvement_pct=2.7132
[00061.01s] [INFO] [GEN_SUMMARY] gen=2 phase=exploitation decoder=solver updated_population=False best_cost=3,940,239,410.7244 lower_bound=3,940,239,410.7244 gap_pct=0.0000 avg_cost=4,269,452,792.3679 feasible_count=4
[00061.01s] [INFO] [GA_OP] gen=3 phase=exploitation decoder=solver parent_costs=(3,940,239,410.72, 4,125,118,143.52) pc=0.0000 RA=0.5750 mutation_child1=random_flip pm_child1=0.5000 changed_child1=7 mutation_child2=none pm_child2=0.5000 changed_child2=0
[00062.24s] [INFO] [CHILD_EVAL] gen=3 phase=exploitation decoder=solver child=child1 feasible=True cost=3,717,795,908.6243 lower_bound=3,533,085,526.8838 decode_time_sec=1.2342 long_contract_repairs=0
[00062.90s] [INFO] [CHILD_EVAL] gen=3 phase=exploitation decoder=solver child=child2 feasible=True cost=3,503,881,865.0416 lower_bound=3,416,080,184.5895 decode_time_sec=0.6601 long_contract_repairs=0
[00062.90s] [INFO] [GEN_SUMMARY] gen=3 phase=exploitation decoder=solver updated_population=False best_cost=3,940,239,410.7244 lower_bound=3,940,239,410.7244 gap_pct=0.0000 avg_cost=4,269,452,792.3679 feasible_count=4
[00062.90s] [INFO] [RUN_END] best_cost=3,940,239,410.7244 lower_bound=3,940,239,410.7244 greedy_decode_calls=6 solver_decode_calls=4 greedy_decode_time_sec=0.0069 solver_decode_time_sec=62.8395
[00062.90s] [INFO] [ARTIFACT] text_log=/Users/yuyuyu/Desktop/260413/baosteel/baosteel-procurement-replication/logs/generated/typical_2x16_trace_seed11_20260524_195248.log jsonl_log=/Users/yuyuyu/Desktop/260413/baosteel/baosteel-procurement-replication/logs/generated/typical_2x16_trace_seed11_20260524_195248.jsonl final_best_cost=3,940,239,410.7244 feasible=True
